No
Yes
No
Yes
Yes
Yes
Yes
No
No
Yes
Yes
Yes
No
No
No
No
Time: 0.00092 seconds

